mysql> create table employee(
    -> empid int primary key,
    -> empid int primary key,^Z
    -> ^C
mysql> create table employee(
    -> empid int(10) primary key,
    -> name varchar(25),
    -> dept varchar(25),
    -> salary int(10),
    -> joindate  date
    -> );
ERROR 1046 (3D000): No database selected
mysql> create database emp;
Query OK, 1 row affected (0.01 sec)

mysql> use database emp;
ERROR 1049 (42000): Unknown database 'database'
mysql> use emp;
Database changed
mysql> create table employee(
    -> empid int(10) primary key,
    -> name varchar(25),
    -> dept varchar(25),
    -> salary int(10),
    -> joindate  date
    -> );
Query OK, 0 rows affected, 2 warnings (0.02 sec)

mysql> show* tables;
ERROR 1064 (42000): You have an error in your SQL syntax; check the manual that corresponds to your MySQL server version for the right syntax to use near '* tables' at line 1
mysql> show* employee;
ERROR 1064 (42000): You have an error in your SQL syntax; check the manual that corresponds to your MySQL server version for the right syntax to use near '* employee' at line 1
mysql> select* employee;
ERROR 1064 (42000): You have an error in your SQL syntax; check the manual that corresponds to your MySQL server version for the right syntax to use near 'employee' at line 1
mysql> describe emp;
ERROR 1146 (42S02): Table 'emp.emp' doesn't exist
mysql> show tables;
+---------------+
| Tables_in_emp |
+---------------+
| employee      |
+---------------+
1 row in set (0.01 sec)

mysql> desc emp;
ERROR 1146 (42S02): Table 'emp.emp' doesn't exist
mysql> create database employee;
Query OK, 1 row affected (0.01 sec)

mysql> describe employee;
+----------+-------------+------+-----+---------+-------+
| Field    | Type        | Null | Key | Default | Extra |
+----------+-------------+------+-----+---------+-------+
| empid    | int         | NO   | PRI | NULL    |       |
| name     | varchar(25) | YES  |     | NULL    |       |
| dept     | varchar(25) | YES  |     | NULL    |       |
| salary   | int         | YES  |     | NULL    |       |
| joindate | date        | YES  |     | NULL    |       |
+----------+-------------+------+-----+---------+-------+
5 rows in set (0.00 sec)

mysql> insert into employee(empid,name,dept,salary,joindate)
    -> values(1,Abdul, finance,5000,2023-06-12),
    -> (2,Anwar,Business,100000,2023-08-18),
    -> (2,Arul,Rider,20000,2022-05-01),
    -> (3,Akil,Rider,20000,2022-05-01);
ERROR 1054 (42S22): Unknown column 'Abdul' in 'field list'
mysql> insert into employee(empid,name,dept,salary,joindate)
    -> values(1,'Abdul', 'finance',5000,2023-06-12),
    -> (2,'Anwar','Business',100000,2023-08-18),
    -> (3,'Akil','Rider',20000,2022-05-01);
ERROR 1292 (22007): Incorrect date value: '2005' for column 'joindate' at row 1
mysql> insert into employee(empid,name,dept,salary,joindate)
    -> values(1,'Abdul', 'finance',5000,'2023-06-12'),
    -> (2,'Anwar','Business',100000,'2023-08-18'),
    -> (3,'Akil','Rider',20000,'2022-05-01');
Query OK, 3 rows affected (0.00 sec)
Records: 3  Duplicates: 0  Warnings: 0

mysql> describe employee;
+----------+-------------+------+-----+---------+-------+
| Field    | Type        | Null | Key | Default | Extra |
+----------+-------------+------+-----+---------+-------+
| empid    | int         | NO   | PRI | NULL    |       |
| name     | varchar(25) | YES  |     | NULL    |       |
| dept     | varchar(25) | YES  |     | NULL    |       |
| salary   | int         | YES  |     | NULL    |       |
| joindate | date        | YES  |     | NULL    |       |
+----------+-------------+------+-----+---------+-------+
5 rows in set (0.00 sec)

mysql> show employeel
    -> ;
ERROR 1064 (42000): You have an error in your SQL syntax; check the manual that corresponds to your MySQL server version for the right syntax to use near 'employeel' at line 1
mysql> show employee;
ERROR 1064 (42000): You have an error in your SQL syntax; check the manual that corresponds to your MySQL server version for the right syntax to use near 'employee' at line 1
mysql> show* employee;
ERROR 1064 (42000): You have an error in your SQL syntax; check the manual that corresponds to your MySQL server version for the right syntax to use near '* employee' at line 1
mysql> select* employee;
ERROR 1064 (42000): You have an error in your SQL syntax; check the manual that corresponds to your MySQL server version for the right syntax to use near 'employee' at line 1
mysql> select*
    -> from employee;
+-------+-------+----------+--------+------------+
| empid | name  | dept     | salary | joindate   |
+-------+-------+----------+--------+------------+
|     1 | Abdul | finance  |   5000 | 2023-06-12 |
|     2 | Anwar | Business | 100000 | 2023-08-18 |
|     3 | Akil  | Rider    |  20000 | 2022-05-01 |
+-------+-------+----------+--------+------------+
3 rows in set (0.00 sec)

mysql> insert into employee(empid,name,dept,salary,joindate)
    -> values(1,'ashish','tech',4000,,2023-10-10'),
    '> values(1,'abi','dancer',4000,,'2023-10-10');
    '> ^C
mysql> insert into employee(empid,name,dept,salary,joindate)
    -> values(1,'ashish','tech',4000,'2023-10-10'),
    -> (2,'ash','tech',4000,'2023-10-10');
ERROR 1062 (23000): Duplicate entry '1' for key 'employee.PRIMARY'
mysql> insert into employee(empid,name,dept,salary,joindate)
    -> values(2,'ashish','tech',4000,'2023-10-10'),
    -> (2,'ash','tech',4000,'2023-10-10');
ERROR 1062 (23000): Duplicate entry '2' for key 'employee.PRIMARY'
mysql> insert into employee(empid,name,dept,salary,joindate)
    -> values(1,'abi','dancer',4000,,'2023-10-10');
ERROR 1064 (42000): You have an error in your SQL syntax; check the manual that corresponds to your MySQL server version for the right syntax to use near ','2023-10-10')' at line 2
mysql> insert into employee(empid,name,dept,salary,joindate)
    -> values(4,'ashish','tech',4000,'2023-10-10'),
    -> (5,'ash','tech',4,'2023-10-10');
Query OK, 2 rows affected (0.00 sec)
Records: 2  Duplicates: 0  Warnings: 0

mysql> select* employee;
ERROR 1064 (42000): You have an error in your SQL syntax; check the manual that corresponds to your MySQL server version for the right syntax to use near 'employee' at line 1
mysql> select*
    -> from employee;
+-------+--------+----------+--------+------------+
| empid | name   | dept     | salary | joindate   |
+-------+--------+----------+--------+------------+
|     1 | Abdul  | finance  |   5000 | 2023-06-12 |
|     2 | Anwar  | Business | 100000 | 2023-08-18 |
|     3 | Akil   | Rider    |  20000 | 2022-05-01 |
|     4 | ashish | tech     |   4000 | 2023-10-10 |
|     5 | ash    | tech     |      4 | 2023-10-10 |
+-------+--------+----------+--------+------------+
5 rows in set (0.00 sec)

mysql> select*
    -> from employee where
    -> salary=5000;
+-------+-------+---------+--------+------------+
| empid | name  | dept    | salary | joindate   |
+-------+-------+---------+--------+------------+
|     1 | Abdul | finance |   5000 | 2023-06-12 |
+-------+-------+---------+--------+------------+
1 row in set (0.00 sec)

mysql> select*
    -> from employee where
    -> dept ='tech';
+-------+--------+------+--------+------------+
| empid | name   | dept | salary | joindate   |
+-------+--------+------+--------+------------+
|     4 | ashish | tech |   4000 | 2023-10-10 |
|     5 | ash    | tech |      4 | 2023-10-10 |
+-------+--------+------+--------+------------+
2 rows in set (0.00 sec)

mysql> update employee
    -> set dept='racer'
    -> where name='abdul';
Query OK, 1 row affected (0.01 sec)
Rows matched: 1  Changed: 1  Warnings: 0

mysql> select*
    -> from employee;
+-------+--------+----------+--------+------------+
| empid | name   | dept     | salary | joindate   |
+-------+--------+----------+--------+------------+
|     1 | Abdul  | racer    |   5000 | 2023-06-12 |
|     2 | Anwar  | Business | 100000 | 2023-08-18 |
|     3 | Akil   | Rider    |  20000 | 2022-05-01 |
|     4 | ashish | tech     |   4000 | 2023-10-10 |
|     5 | ash    | tech     |      4 | 2023-10-10 |
+-------+--------+----------+--------+------------+
5 rows in set (0.00 sec)

mysql> update employee
    -> set salary= salary+5000
    -> where dept='tech';
Query OK, 2 rows affected (0.00 sec)
Rows matched: 2  Changed: 2  Warnings: 0

mysql> select*
    -> from employee;
+-------+--------+----------+--------+------------+
| empid | name   | dept     | salary | joindate   |
+-------+--------+----------+--------+------------+
|     1 | Abdul  | racer    |   5000 | 2023-06-12 |
|     2 | Anwar  | Business | 100000 | 2023-08-18 |
|     3 | Akil   | Rider    |  20000 | 2022-05-01 |
|     4 | ashish | tech     |   9000 | 2023-10-10 |
|     5 | ash    | tech     |   5004 | 2023-10-10 |
+-------+--------+----------+--------+------------+
5 rows in set (0.00 sec)

mysql> insert into employee(name)
    -> values('charlie');
ERROR 1364 (HY000): Field 'empid' doesn't have a default value
mysql> insert into employee(empid,name)
    -> values(7,'charlie');
Query OK, 1 row affected (0.00 sec)

mysql> select*
    -> from employee;
+-------+---------+----------+--------+------------+
| empid | name    | dept     | salary | joindate   |
+-------+---------+----------+--------+------------+
|     1 | Abdul   | racer    |   5000 | 2023-06-12 |
|     2 | Anwar   | Business | 100000 | 2023-08-18 |
|     3 | Akil    | Rider    |  20000 | 2022-05-01 |
|     4 | ashish  | tech     |   9000 | 2023-10-10 |
|     5 | ash     | tech     |   5004 | 2023-10-10 |
|     7 | charlie | NULL     |   NULL | NULL       |
+-------+---------+----------+--------+------------+
6 rows in set (0.00 sec)

mysql> rename table employee to emp;
Query OK, 0 rows affected (0.02 sec)

mysql> show tables
    -> ;
+---------------+
| Tables_in_emp |
+---------------+
| emp           |
+---------------+
1 row in set (0.00 sec)

mysql> alter table emp
    -> rename coloumn dept to department;
ERROR 1064 (42000): You have an error in your SQL syntax; check the manual that corresponds to your MySQL server version for the right syntax to use near 'dept to department' at line 2
mysql> alter table emp
    -> rename coloumn dept to new department;
ERROR 1064 (42000): You have an error in your SQL syntax; check the manual that corresponds to your MySQL server version for the right syntax to use near 'dept to new department' at line 2
mysql> alter table emp
    -> rename column dept to department;
Query OK, 0 rows affected (0.02 sec)
Records: 0  Duplicates: 0  Warnings: 0

mysql> desc emp;
+------------+-------------+------+-----+---------+-------+
| Field      | Type        | Null | Key | Default | Extra |
+------------+-------------+------+-----+---------+-------+
| empid      | int         | NO   | PRI | NULL    |       |
| name       | varchar(25) | YES  |     | NULL    |       |
| department | varchar(25) | YES  |     | NULL    |       |
| salary     | int         | YES  |     | NULL    |       |
| joindate   | date        | YES  |     | NULL    |       |
+------------+-------------+------+-----+---------+-------+
5 rows in set (0.00 sec)

mysql> alter table emp
    -> rename column joindate to jd;
Query OK, 0 rows affected (0.01 sec)
Records: 0  Duplicates: 0  Warnings: 0

mysql> desc emp;
+------------+-------------+------+-----+---------+-------+
| Field      | Type        | Null | Key | Default | Extra |
+------------+-------------+------+-----+---------+-------+
| empid      | int         | NO   | PRI | NULL    |       |
| name       | varchar(25) | YES  |     | NULL    |       |
| department | varchar(25) | YES  |     | NULL    |       |
| salary     | int         | YES  |     | NULL    |       |
| jd         | date        | YES  |     | NULL    |       |
+------------+-------------+------+-----+---------+-------+
5 rows in set (0.00 sec)

mysql> drop table emp;
Query OK, 0 rows affected (0.01 sec)

mysql> show tables;
Empty set (0.00 sec)

mysql> insert into employee(empid,name,dept,salary,joindate)
    -> values(2,'ashish','tech',4000,'2023-10-10'),
    -> values(1,'abi','dancer',4000,,'2023-10-10');
ERROR 1064 (42000): You have an error in your SQL syntax; check the manual that corresponds to your MySQL server version for the right syntax to use near 'values(1,'abi','dancer',4000,,'2023-10-10')' at line 3
mysql> insert into employee(empid,name,dept,salary,joindate)
    -> values(1,'abi','dancer',4000,'2023-10-10');
ERROR 1146 (42S02): Table 'emp.employee' doesn't exist
mysql> insert into emp(empid,name,dept,salary,joindate)
    -> values(1,'abi','dancer',4000,'2023-10-10');
ERROR 1146 (42S02): Table 'emp.emp' doesn't exist
mysql> create table emp(
    -> empid int(10),
    -> name varchar(100),
    -> course varchar(25),
    -> sal int(10),
    -> jd date);
Query OK, 0 rows affected, 2 warnings (0.02 sec)

mysql> insert into emp(empid,name,dept,salary,joindate)
    -> values(1,'abi','dancer',4000,'2023-10-10');
ERROR 1054 (42S22): Unknown column 'dept' in 'field list'
mysql> insert into emp(empid,name,course,salary,jd)
    -> values(1,'abi','dancer',4000,'2023-10-10');
ERROR 1054 (42S22): Unknown column 'salary' in 'field list'
mysql> insert into emp(empid,name,dept,sal,joindate)
    -> values(1,'abi','dancer',4000,'2023-10-10');
ERROR 1054 (42S22): Unknown column 'dept' in 'field list'
mysql> insert into emp(empid,name,course,salary,jd)
    -> values(1,'abi','dancer',4000,'2023-10-10');
ERROR 1054 (42S22): Unknown column 'salary' in 'field list'
mysql> insert into emp(empid,name,course,sal,jd)
    -> values(1,'abi','dancer',4000,'2023-10-10');
Query OK, 1 row affected (0.00 sec)

mysql> delete from emp where empid =6;
Query OK, 0 rows affected (0.00 sec)

mysql> insert into emp(empid,name,course,sal,jd)
    -> values(1,'abi','dancer',4000,'2023-10-10'),
    -> values(2,'abi','dancer',4000,'2023-10-10');
ERROR 1064 (42000): You have an error in your SQL syntax; check the manual that corresponds to your MySQL server version for the right syntax to use near 'values(2,'abi','dancer',4000,'2023-10-10')' at line 3
mysql> insert into emp(empid,name,course,sal,jd)
    -> values(1,'abi','dancer',4000,'2023-10-10'),
    -> values(2,'ash','driver',40000,'2023-01-10');
ERROR 1064 (42000): You have an error in your SQL syntax; check the manual that corresponds to your MySQL server version for the right syntax to use near 'values(2,'ash','driver',40000,'2023-01-10')' at line 3
mysql> insert into emp(empid,name,course,sal,jd)
    -> values(1,'abi','dancer',4000,'2023-10-10'),
    -> (2,'abi','dancer',4000,'2023-10-10');
Query OK, 2 rows affected (0.00 sec)
Records: 2  Duplicates: 0  Warnings: 0

mysql> select*
    -> from table_name
    -> order by empid desc;
ERROR 1146 (42S02): Table 'emp.table_name' doesn't exist
mysql> select*
    -> from emp
    -> order by empid desc;
+-------+------+--------+------+------------+
| empid | name | course | sal  | jd         |
+-------+------+--------+------+------------+
|     2 | abi  | dancer | 4000 | 2023-10-10 |
|     1 | abi  | dancer | 4000 | 2023-10-10 |
|     1 | abi  | dancer | 4000 | 2023-10-10 |
+-------+------+--------+------+------------+
3 rows in set (0.00 sec)

mysql> select*
    -> from emp
    -> order by empid aesc;
ERROR 1064 (42000): You have an error in your SQL syntax; check the manual that corresponds to your MySQL server version for the right syntax to use near 'aesc' at line 3
mysql> select*
    -> from emp
    -> order by empid asec;
ERROR 1064 (42000): You have an error in your SQL syntax; check the manual that corresponds to your MySQL server version for the right syntax to use near 'asec' at line 3
mysql> select*
    -> from emp
    -> order by empid asc;
+-------+------+--------+------+------------+
| empid | name | course | sal  | jd         |
+-------+------+--------+------+------------+
|     1 | abi  | dancer | 4000 | 2023-10-10 |
|     1 | abi  | dancer | 4000 | 2023-10-10 |
|     2 | abi  | dancer | 4000 | 2023-10-10 |
+-------+------+--------+------+------------+
3 rows in set (0.00 sec)

mysql> select*
    -> from emp
    -> order by jd asc;sc
+-------+------+--------+------+------------+
| empid | name | course | sal  | jd         |
+-------+------+--------+------+------------+
|     1 | abi  | dancer | 4000 | 2023-10-10 |
|     1 | abi  | dancer | 4000 | 2023-10-10 |
|     2 | abi  | dancer | 4000 | 2023-10-10 |
+-------+------+--------+------+------------+
3 rows in set (0.00 sec)

    -> ^C
mysql> select* from emp where course='dancer' or course='hr';
+-------+------+--------+------+------------+
| empid | name | course | sal  | jd         |
+-------+------+--------+------+------------+
|     1 | abi  | dancer | 4000 | 2023-10-10 |
|     1 | abi  | dancer | 4000 | 2023-10-10 |
|     2 | abi  | dancer | 4000 | 2023-10-10 |
+-------+------+--------+------+------------+
3 rows in set (0.00 sec)

mysql> select* from emp where department='dancer' and jd='2023-10-10';
ERROR 1054 (42S22): Unknown column 'department' in 'where clause'
mysql> select* from emp where course='dancer' and jd='2023-10-10';
+-------+------+--------+------+------------+
| empid | name | course | sal  | jd         |
+-------+------+--------+------+------------+
|     1 | abi  | dancer | 4000 | 2023-10-10 |
|     1 | abi  | dancer | 4000 | 2023-10-10 |
|     2 | abi  | dancer | 4000 | 2023-10-10 |
+-------+------+--------+------+------------+
3 rows in set (0.00 sec)

mysql> insert into emp(empid,sal)
    -> values(3,5000),
    -> (4,6000),
    -> (5,7000);
Query OK, 3 rows affected (0.00 sec)
Records: 3  Duplicates: 0  Warnings: 0

mysql> select *from emp order by salary desc;
ERROR 1054 (42S22): Unknown column 'salary' in 'order clause'
mysql> select *from emp order by sal desc;
+-------+------+--------+------+------------+
| empid | name | course | sal  | jd         |
+-------+------+--------+------+------------+
|     5 | NULL | NULL   | 7000 | NULL       |
|     4 | NULL | NULL   | 6000 | NULL       |
|     3 | NULL | NULL   | 5000 | NULL       |
|     1 | abi  | dancer | 4000 | 2023-10-10 |
|     1 | abi  | dancer | 4000 | 2023-10-10 |
|     2 | abi  | dancer | 4000 | 2023-10-10 |
+-------+------+--------+------+------------+
6 rows in set (0.00 sec)

mysql> from emp
    -> where course ='dancer' and sal<5000;
ERROR 1064 (42000): You have an error in your SQL syntax; check the manual that corresponds to your MySQL server version for the right syntax to use near 'from emp
where course ='dancer' and sal<5000' at line 1
mysql> from emp
    -> where course ='dancer' and sal<5000;
ERROR 1064 (42000): You have an error in your SQL syntax; check the manual that corresponds to your MySQL server version for the right syntax to use near 'from emp
where course ='dancer' and sal<5000' at line 1
mysql> from emp
    -> where course ='dancer' and sal<5000;
ERROR 1064 (42000): You have an error in your SQL syntax; check the manual that corresponds to your MySQL server version for the right syntax to use near 'from emp
where course ='dancer' and sal<5000' at line 1
mysql>